
######################################################################
#  Feature audit runner - 5 combos
######################################################################


[pipeline] Loading PL data...
Loading data...
Dataset: 9801 rows, 80 columns
Class balance: Over 2.5 = 51.4%
Computing rest days...
Computing fixture congestion features...
Computing discipline features (cards, fouls)...
Fetching weather features...
  Existing weather cache: 9801 entries
  Weather cache is up to date.
  Weather features merged: 9801/9801 matches
Computing match context features (relegation/title/euro proximity)...
Adding derived features...
Computing rolling xG features...
Adding player availability features...
Adding FPL pre-season strength features...
  FPL strength features: 2280/9801 matches have data
Adding squad strength features...
  Squad features merged: 679 matches (seasons 24-25)
Computing advanced features (Elo, Poisson, rates)...
Computing BTTS-specific features...
Computing corners-specific features...
  Corner features: 9481/9801 matches have data
Computing shot-level features...
  Shot-level features: 3713/9801 matches have data
Computing roster features (xGChain, xGBuildup, xA)...
  Roster features: 3719/9801 matches have data
Computing tactical features (PPDA, deep completions)...
  Tactical features: 3724/9801 matches have data
Computing detailed match features (2024-25)...
  Detailed match features: 350/9801 matches have data
Using 182 O/U features, 117 BTTS features, 69 Corners features
Initializing promoted team features...
  Filled 450 feature values for promoted teams
Train: 3800 | Val: 380 | Test: 301
Train seasons: 14-23
Val seasons: 24-24
Test seasons: 25-25
Remaining NaNs in train features: 44716
[pipeline] PL: 9801 rows

======================================================================
  Auditing PL / ou25
======================================================================

  [audit] PL/ou25: 182 features, target=Over_2_5
    Fold S24: baseline ensemble AUC=0.5428 (train=3800, val=380, n_perm=5)
    Fold S25: baseline ensemble AUC=0.5355 (train=4180, val=301, n_perm=5)
  [audit] saved to reports\feature_audit_PL_ou25.csv
  [audit] noise baseline: mean=-0.00233, std=0.00255, 1-sigma threshold=+0.00021
  [audit] 153/183 features flagged as pruning candidates (perm <= 1-sigma above noise)
  [audit] top 10 by perm_auc_drop:
    Home_TitleProximity                      group=CONTEXT         perm=+0.02249 xgb_gain=0.0095
    Expected_TG_Consensus                    group=ADVANCED        perm=+0.01064 xgb_gain=0.0169
    FPL_Openness                             group=FPL_STRENGTH    perm=+0.00840 xgb_gain=0.0094
    Attack_Power                             group=ADVANCED        perm=+0.00561 xgb_gain=0.0128
    H2HAvgGoals                              group=EXISTING        perm=+0.00428 xgb_gain=0.0082
    H2H_AvgGoals_5                           group=EXISTING        perm=+0.00278 xgb_gain=0.0082
    Home_Past5CornersConceded                group=EXISTING        perm=+0.00262 xgb_gain=0.0033
    Home_XGOverperf_5                        group=XG              perm=+0.00255 xgb_gain=0.0076
    Home_Past5Corners                        group=EXISTING        perm=+0.00239 xgb_gain=0.0077
    Home_GoalDiff_5                          group=DERIVED         perm=+0.00104 xgb_gain=0.0030

======================================================================
  Auditing PL / btts
======================================================================

  [audit] PL/btts: 117 features, target=BTTS
    Fold S24: baseline ensemble AUC=0.5301 (train=3800, val=380, n_perm=5)
    Fold S25: baseline ensemble AUC=0.5040 (train=4180, val=301, n_perm=5)
  [audit] saved to reports\feature_audit_PL_btts.csv
  [audit] noise baseline: mean=+0.00287, std=0.00494, 1-sigma threshold=+0.00781
  [audit] 117/118 features flagged as pruning candidates (perm <= 1-sigma above noise)
  [audit] top 10 by perm_auc_drop:
    FPL_Openness                             group=FPL_STRENGTH    perm=+0.00794 xgb_gain=0.0190
    Away_GAPG_20                             group=ADVANCED        perm=+0.00474 xgb_gain=0.0100
    Poisson_BTTS_Consensus                   group=BTTS_SPECIFIC   perm=+0.00391 xgb_gain=0.0142
    Away_RollingXGAgainst_5                  group=XG              perm=+0.00384 xgb_gain=0.0103
    __noise_baseline__                       group=NOISE_BASELINE  perm=+0.00287 xgb_gain=0.0113
    Away_GPG_20                              group=ADVANCED        perm=+0.00196 xgb_gain=0.0153
    Away_Past3Goals                          group=ADVANCED        perm=+0.00180 xgb_gain=0.0104
    Home_GoalStd_10                          group=BTTS_SPECIFIC   perm=+0.00123 xgb_gain=0.0038
    Poisson_BTTS_xG                          group=BTTS_SPECIFIC   perm=+0.00121 xgb_gain=0.0170
    Home_GPG_20                              group=ADVANCED        perm=+0.00060 xgb_gain=0.0047

[pipeline] Loading EFL data...
=== Championship Pipeline ===

Loaded 13608 matches, 25 seasons
Adding derived features...
Adding congestion features...
Adding discipline features...
Adding half-time features...
Computing advanced rolling features...
Computing Elo ratings...
Computing Poisson features...
C:\Users\joshc\OneDrive\Documents\Project\championship_pipeline.py:561: RuntimeWarning: Mean of empty slice
  df["Poisson_Consensus"] = np.nanmean(
C:\Users\joshc\OneDrive\Documents\Project\championship_pipeline.py:577: RuntimeWarning: Mean of empty slice
  df["Poisson_Consensus_15"] = np.nanmean(
C:\Users\joshc\OneDrive\Documents\Project\championship_pipeline.py:584: RuntimeWarning: Mean of empty slice
  df["Expected_TG_Consensus"] = np.nanmean(
Computing team strength ratings...
Adding context features...
Initialising promoted team features...
  Filled 53280 feature values for promoted teams

Features available: 126 / 126
O/U 1.5 features available: 126 / 126
BTTS features available: 83 / 83
Over 2.5 rate: 0.475
Over 1.5 rate: 0.730
BTTS rate: 0.517
[pipeline] EFL: 13608 rows

======================================================================
  Auditing EFL / ou25
======================================================================

  [audit] EFL/ou25: 126 features, target=Over_2_5
    Fold S23: baseline ensemble AUC=0.5395 (train=4968, val=552, n_perm=5)
    Fold S24: baseline ensemble AUC=0.5621 (train=5520, val=552, n_perm=5)
  [audit] saved to reports\feature_audit_EFL_ou25.csv
  [audit] noise baseline: mean=+0.00441, std=0.00435, 1-sigma threshold=+0.00876
  [audit] 125/127 features flagged as pruning candidates (perm <= 1-sigma above noise)
  [audit] top 10 by perm_auc_drop:
    Home_DefensiveStrength_5                 group=EXISTING        perm=+0.01042 xgb_gain=0.0113
    Home_GPG_20                              group=ADVANCED        perm=+0.00881 xgb_gain=0.0111
    FPL_Openness                             group=FPL_STRENGTH    perm=+0.00873 xgb_gain=0.0100
    Home_HT_Conceded_5                       group=BTTS_SPECIFIC   perm=+0.00842 xgb_gain=0.0090
    Home_RelegationProximity                 group=CONTEXT         perm=+0.00830 xgb_gain=0.0096
    LeaguePosition_Diff                      group=DERIVED         perm=+0.00516 xgb_gain=0.0096
    __noise_baseline__                       group=NOISE_BASELINE  perm=+0.00441 xgb_gain=0.0072
    H2H_Draws                                group=EXISTING        perm=+0.00406 xgb_gain=0.0094
    Away_GoalDiff_5                          group=DERIVED         perm=+0.00317 xgb_gain=0.0083
    Home_FPL_Attack                          group=FPL_STRENGTH    perm=+0.00314 xgb_gain=0.0092

======================================================================
  Auditing EFL / ou15
======================================================================

  [audit] EFL/ou15: 126 features, target=Over_1_5
    Fold S23: baseline ensemble AUC=0.5154 (train=4968, val=552, n_perm=5)
    Fold S24: baseline ensemble AUC=0.5351 (train=5520, val=552, n_perm=5)
  [audit] saved to reports\feature_audit_EFL_ou15.csv
  [audit] noise baseline: mean=+0.00011, std=0.00120, 1-sigma threshold=+0.00131
  [audit] 117/127 features flagged as pruning candidates (perm <= 1-sigma above noise)
  [audit] top 10 by perm_auc_drop:
    Home_Fouls_5                             group=UNKNOWN         perm=+0.01628 xgb_gain=0.0123
    Home_AvgShotsOnTarget_5                  group=EXISTING        perm=+0.00670 xgb_gain=0.0126
    Away_LeaguePosition                      group=EXISTING        perm=+0.00552 xgb_gain=0.0117
    Away_ShotsPerGoal_5                      group=EXISTING        perm=+0.00486 xgb_gain=0.0115
    Home_GPG_20                              group=ADVANCED        perm=+0.00473 xgb_gain=0.0151
    Home Factor                              group=EXISTING        perm=+0.00438 xgb_gain=0.0107
    FPL_Openness                             group=FPL_STRENGTH    perm=+0.00287 xgb_gain=0.0135
    Home_DefensiveStrength_5                 group=EXISTING        perm=+0.00223 xgb_gain=0.0105
    Away_HT_Over15_5                         group=UNKNOWN         perm=+0.00205 xgb_gain=0.0083
    Home_TGAvg_EWM10                         group=ADVANCED        perm=+0.00142 xgb_gain=0.0084

======================================================================
  Auditing EFL / btts
======================================================================

  [audit] EFL/btts: 83 features, target=BTTS
    Fold S23: baseline ensemble AUC=0.5219 (train=4968, val=552, n_perm=5)
    Fold S24: baseline ensemble AUC=0.5376 (train=5520, val=552, n_perm=5)
  [audit] saved to reports\feature_audit_EFL_btts.csv
  [audit] noise baseline: mean=-0.00083, std=0.00225, 1-sigma threshold=+0.00142
  [audit] 73/84 features flagged as pruning candidates (perm <= 1-sigma above noise)
  [audit] top 10 by perm_auc_drop:
    Home_GAPG_20                             group=ADVANCED        perm=+0.01076 xgb_gain=0.0146
    Elo_Diff                                 group=ADVANCED        perm=+0.00798 xgb_gain=0.0142
    Away_LeaguePosition                      group=EXISTING        perm=+0.00472 xgb_gain=0.0136
    Home_FPL_Defence                         group=FPL_STRENGTH    perm=+0.00402 xgb_gain=0.0126
    Home_Fouls_5                             group=UNKNOWN         perm=+0.00366 xgb_gain=0.0130
    Home_Past5Conceded                       group=EXISTING        perm=+0.00358 xgb_gain=0.0130
    Home_RelegationProximity                 group=CONTEXT         perm=+0.00292 xgb_gain=0.0133
    Away_SOT_CR_20                           group=EXISTING        perm=+0.00253 xgb_gain=0.0133
    Away_CR_20                               group=EXISTING        perm=+0.00243 xgb_gain=0.0137
    Away_AvgShotsOnTarget_5                  group=EXISTING        perm=+0.00169 xgb_gain=0.0125

[summary] wrote reports\feature_audit_summary.md

######################################################################
#  Feature audit complete - wrote 5 CSV(s) to reports/
######################################################################

