
######################################################################
#  Option 5 Step 4: walk-forward validation  -  PL O/U 2.5 A/B
######################################################################

  PRE  = shrinkage off, portfolio off, pre-fix refined_kelly
  POST = current (shrinkage on, portfolio cap, same-match discount)

  Expected direction: lower volatility, possibly lower mean ROI
  but better risk-adjusted return.

======================================================================
  [1/2] Running PRE-Option-5 variant
======================================================================

C:\Users\joshc\AppData\Local\Packages\PythonSoftwareFoundation.Python.3.13_qbz5n2kfra8p0\LocalCache\local-packages\Python313\site-packages\scipy\optimize\_numdiff.py:686: RuntimeWarning: invalid value encountered in subtract
  df = [f_eval - f0 for f_eval in f_evals]
C:\Users\joshc\AppData\Local\Packages\PythonSoftwareFoundation.Python.3.13_qbz5n2kfra8p0\LocalCache\local-packages\Python313\site-packages\scipy\optimize\_numdiff.py:686: RuntimeWarning: invalid value encountered in subtract
  df = [f_eval - f0 for f_eval in f_evals]
C:\Users\joshc\AppData\Local\Packages\PythonSoftwareFoundation.Python.3.13_qbz5n2kfra8p0\LocalCache\local-packages\Python313\site-packages\scipy\optimize\_numdiff.py:686: RuntimeWarning: invalid value encountered in subtract
  df = [f_eval - f0 for f_eval in f_evals]
C:\Users\joshc\AppData\Local\Packages\PythonSoftwareFoundation.Python.3.13_qbz5n2kfra8p0\LocalCache\local-packages\Python313\site-packages\scipy\optimize\_numdiff.py:686: RuntimeWarning: invalid value encountered in subtract
  df = [f_eval - f0 for f_eval in f_evals]
C:\Users\joshc\AppData\Local\Packages\PythonSoftwareFoundation.Python.3.13_qbz5n2kfra8p0\LocalCache\local-packages\Python313\site-packages\scipy\optimize\_numdiff.py:686: RuntimeWarning: invalid value encountered in subtract
  df = [f_eval - f0 for f_eval in f_evals]
C:\Users\joshc\AppData\Local\Packages\PythonSoftwareFoundation.Python.3.13_qbz5n2kfra8p0\LocalCache\local-packages\Python313\site-packages\scipy\optimize\_numdiff.py:686: RuntimeWarning: invalid value encountered in subtract
  df = [f_eval - f0 for f_eval in f_evals]
C:\Users\joshc\AppData\Local\Packages\PythonSoftwareFoundation.Python.3.13_qbz5n2kfra8p0\LocalCache\local-packages\Python313\site-packages\scipy\optimize\_numdiff.py:686: RuntimeWarning: invalid value encountered in subtract
  df = [f_eval - f0 for f_eval in f_evals]
C:\Users\joshc\AppData\Local\Packages\PythonSoftwareFoundation.Python.3.13_qbz5n2kfra8p0\LocalCache\local-packages\Python313\site-packages\scipy\optimize\_numdiff.py:686: RuntimeWarning: invalid value encountered in subtract
  df = [f_eval - f0 for f_eval in f_evals]
C:\Users\joshc\AppData\Local\Packages\PythonSoftwareFoundation.Python.3.13_qbz5n2kfra8p0\LocalCache\local-packages\Python313\site-packages\scipy\optimize\_numdiff.py:686: RuntimeWarning: invalid value encountered in subtract
  df = [f_eval - f0 for f_eval in f_evals]
C:\Users\joshc\AppData\Local\Packages\PythonSoftwareFoundation.Python.3.13_qbz5n2kfra8p0\LocalCache\local-packages\Python313\site-packages\scipy\optimize\_numdiff.py:686: RuntimeWarning: invalid value encountered in subtract
  df = [f_eval - f0 for f_eval in f_evals]
C:\Users\joshc\AppData\Local\Packages\PythonSoftwareFoundation.Python.3.13_qbz5n2kfra8p0\LocalCache\local-packages\Python313\site-packages\scipy\optimize\_numdiff.py:686: RuntimeWarning: invalid value encountered in subtract
  df = [f_eval - f0 for f_eval in f_evals]
C:\Users\joshc\AppData\Local\Packages\PythonSoftwareFoundation.Python.3.13_qbz5n2kfra8p0\LocalCache\local-packages\Python313\site-packages\scipy\optimize\_numdiff.py:686: RuntimeWarning: invalid value encountered in subtract
  df = [f_eval - f0 for f_eval in f_evals]
C:\Users\joshc\AppData\Local\Packages\PythonSoftwareFoundation.Python.3.13_qbz5n2kfra8p0\LocalCache\local-packages\Python313\site-packages\scipy\optimize\_numdiff.py:686: RuntimeWarning: invalid value encountered in subtract
  df = [f_eval - f0 for f_eval in f_evals]
C:\Users\joshc\AppData\Local\Packages\PythonSoftwareFoundation.Python.3.13_qbz5n2kfra8p0\LocalCache\local-packages\Python313\site-packages\scipy\optimize\_numdiff.py:686: RuntimeWarning: invalid value encountered in subtract
  df = [f_eval - f0 for f_eval in f_evals]
C:\Users\joshc\AppData\Local\Packages\PythonSoftwareFoundation.Python.3.13_qbz5n2kfra8p0\LocalCache\local-packages\Python313\site-packages\numpy\lib\_nanfunctions_impl.py:1216: RuntimeWarning: All-NaN slice encountered
  return fnb._ureduce(a, func=_nanmedian, keepdims=keepdims,
C:\Users\joshc\AppData\Local\Packages\PythonSoftwareFoundation.Python.3.13_qbz5n2kfra8p0\LocalCache\local-packages\Python313\site-packages\numpy\lib\_nanfunctions_impl.py:1216: RuntimeWarning: All-NaN slice encountered
  return fnb._ureduce(a, func=_nanmedian, keepdims=keepdims,
C:\Users\joshc\AppData\Local\Packages\PythonSoftwareFoundation.Python.3.13_qbz5n2kfra8p0\LocalCache\local-packages\Python313\site-packages\numpy\lib\_nanfunctions_impl.py:1216: RuntimeWarning: All-NaN slice encountered
  return fnb._ureduce(a, func=_nanmedian, keepdims=keepdims,
C:\Users\joshc\AppData\Local\Packages\PythonSoftwareFoundation.Python.3.13_qbz5n2kfra8p0\LocalCache\local-packages\Python313\site-packages\numpy\lib\_nanfunctions_impl.py:1216: RuntimeWarning: All-NaN slice encountered
  return fnb._ureduce(a, func=_nanmedian, keepdims=keepdims,
C:\Users\joshc\AppData\Local\Packages\PythonSoftwareFoundation.Python.3.13_qbz5n2kfra8p0\LocalCache\local-packages\Python313\site-packages\numpy\lib\_nanfunctions_impl.py:1216: RuntimeWarning: All-NaN slice encountered
  return fnb._ureduce(a, func=_nanmedian, keepdims=keepdims,
C:\Users\joshc\AppData\Local\Packages\PythonSoftwareFoundation.Python.3.13_qbz5n2kfra8p0\LocalCache\local-packages\Python313\site-packages\numpy\lib\_nanfunctions_impl.py:1216: RuntimeWarning: All-NaN slice encountered
  return fnb._ureduce(a, func=_nanmedian, keepdims=keepdims,

  PRE metrics: {'total_bets': 471.0, 'win_rate': 0.52, 'final_bankroll': 2.6604}

======================================================================
  [2/2] Running POST-Option-5 variant
======================================================================

C:\Users\joshc\AppData\Local\Packages\PythonSoftwareFoundation.Python.3.13_qbz5n2kfra8p0\LocalCache\local-packages\Python313\site-packages\scipy\optimize\_numdiff.py:686: RuntimeWarning: invalid value encountered in subtract
  df = [f_eval - f0 for f_eval in f_evals]
C:\Users\joshc\AppData\Local\Packages\PythonSoftwareFoundation.Python.3.13_qbz5n2kfra8p0\LocalCache\local-packages\Python313\site-packages\scipy\optimize\_numdiff.py:686: RuntimeWarning: invalid value encountered in subtract
  df = [f_eval - f0 for f_eval in f_evals]
C:\Users\joshc\AppData\Local\Packages\PythonSoftwareFoundation.Python.3.13_qbz5n2kfra8p0\LocalCache\local-packages\Python313\site-packages\scipy\optimize\_numdiff.py:686: RuntimeWarning: invalid value encountered in subtract
  df = [f_eval - f0 for f_eval in f_evals]
C:\Users\joshc\AppData\Local\Packages\PythonSoftwareFoundation.Python.3.13_qbz5n2kfra8p0\LocalCache\local-packages\Python313\site-packages\scipy\optimize\_numdiff.py:686: RuntimeWarning: invalid value encountered in subtract
  df = [f_eval - f0 for f_eval in f_evals]
C:\Users\joshc\AppData\Local\Packages\PythonSoftwareFoundation.Python.3.13_qbz5n2kfra8p0\LocalCache\local-packages\Python313\site-packages\scipy\optimize\_numdiff.py:686: RuntimeWarning: invalid value encountered in subtract
  df = [f_eval - f0 for f_eval in f_evals]
C:\Users\joshc\AppData\Local\Packages\PythonSoftwareFoundation.Python.3.13_qbz5n2kfra8p0\LocalCache\local-packages\Python313\site-packages\scipy\optimize\_numdiff.py:686: RuntimeWarning: invalid value encountered in subtract
  df = [f_eval - f0 for f_eval in f_evals]
C:\Users\joshc\AppData\Local\Packages\PythonSoftwareFoundation.Python.3.13_qbz5n2kfra8p0\LocalCache\local-packages\Python313\site-packages\scipy\optimize\_numdiff.py:686: RuntimeWarning: invalid value encountered in subtract
  df = [f_eval - f0 for f_eval in f_evals]
C:\Users\joshc\AppData\Local\Packages\PythonSoftwareFoundation.Python.3.13_qbz5n2kfra8p0\LocalCache\local-packages\Python313\site-packages\scipy\optimize\_numdiff.py:686: RuntimeWarning: invalid value encountered in subtract
  df = [f_eval - f0 for f_eval in f_evals]
C:\Users\joshc\AppData\Local\Packages\PythonSoftwareFoundation.Python.3.13_qbz5n2kfra8p0\LocalCache\local-packages\Python313\site-packages\scipy\optimize\_numdiff.py:686: RuntimeWarning: invalid value encountered in subtract
  df = [f_eval - f0 for f_eval in f_evals]
C:\Users\joshc\AppData\Local\Packages\PythonSoftwareFoundation.Python.3.13_qbz5n2kfra8p0\LocalCache\local-packages\Python313\site-packages\scipy\optimize\_numdiff.py:686: RuntimeWarning: invalid value encountered in subtract
  df = [f_eval - f0 for f_eval in f_evals]
C:\Users\joshc\AppData\Local\Packages\PythonSoftwareFoundation.Python.3.13_qbz5n2kfra8p0\LocalCache\local-packages\Python313\site-packages\scipy\optimize\_numdiff.py:686: RuntimeWarning: invalid value encountered in subtract
  df = [f_eval - f0 for f_eval in f_evals]
C:\Users\joshc\AppData\Local\Packages\PythonSoftwareFoundation.Python.3.13_qbz5n2kfra8p0\LocalCache\local-packages\Python313\site-packages\scipy\optimize\_numdiff.py:686: RuntimeWarning: invalid value encountered in subtract
  df = [f_eval - f0 for f_eval in f_evals]
C:\Users\joshc\AppData\Local\Packages\PythonSoftwareFoundation.Python.3.13_qbz5n2kfra8p0\LocalCache\local-packages\Python313\site-packages\scipy\optimize\_numdiff.py:686: RuntimeWarning: invalid value encountered in subtract
  df = [f_eval - f0 for f_eval in f_evals]
C:\Users\joshc\AppData\Local\Packages\PythonSoftwareFoundation.Python.3.13_qbz5n2kfra8p0\LocalCache\local-packages\Python313\site-packages\scipy\optimize\_numdiff.py:686: RuntimeWarning: invalid value encountered in subtract
  df = [f_eval - f0 for f_eval in f_evals]
C:\Users\joshc\AppData\Local\Packages\PythonSoftwareFoundation.Python.3.13_qbz5n2kfra8p0\LocalCache\local-packages\Python313\site-packages\numpy\lib\_nanfunctions_impl.py:1216: RuntimeWarning: All-NaN slice encountered
  return fnb._ureduce(a, func=_nanmedian, keepdims=keepdims,
C:\Users\joshc\AppData\Local\Packages\PythonSoftwareFoundation.Python.3.13_qbz5n2kfra8p0\LocalCache\local-packages\Python313\site-packages\numpy\lib\_nanfunctions_impl.py:1216: RuntimeWarning: All-NaN slice encountered
  return fnb._ureduce(a, func=_nanmedian, keepdims=keepdims,
C:\Users\joshc\AppData\Local\Packages\PythonSoftwareFoundation.Python.3.13_qbz5n2kfra8p0\LocalCache\local-packages\Python313\site-packages\numpy\lib\_nanfunctions_impl.py:1216: RuntimeWarning: All-NaN slice encountered
  return fnb._ureduce(a, func=_nanmedian, keepdims=keepdims,
C:\Users\joshc\AppData\Local\Packages\PythonSoftwareFoundation.Python.3.13_qbz5n2kfra8p0\LocalCache\local-packages\Python313\site-packages\numpy\lib\_nanfunctions_impl.py:1216: RuntimeWarning: All-NaN slice encountered
  return fnb._ureduce(a, func=_nanmedian, keepdims=keepdims,
C:\Users\joshc\AppData\Local\Packages\PythonSoftwareFoundation.Python.3.13_qbz5n2kfra8p0\LocalCache\local-packages\Python313\site-packages\numpy\lib\_nanfunctions_impl.py:1216: RuntimeWarning: All-NaN slice encountered
  return fnb._ureduce(a, func=_nanmedian, keepdims=keepdims,
C:\Users\joshc\AppData\Local\Packages\PythonSoftwareFoundation.Python.3.13_qbz5n2kfra8p0\LocalCache\local-packages\Python313\site-packages\numpy\lib\_nanfunctions_impl.py:1216: RuntimeWarning: All-NaN slice encountered
  return fnb._ureduce(a, func=_nanmedian, keepdims=keepdims,

  POST metrics: {'total_bets': 471.0, 'win_rate': 0.52, 'final_bankroll': 2.655}

######################################################################
#  SUMMARY  -  PL O/U 2.5 backtest
######################################################################

  Metric                        PRE         POST        delta
  total_bets                  471.0        471.0         0.0
  win_rate                   0.5200       0.5200      0.0000
  final_bankroll             2.6604       2.6550     -0.0054

  Full outputs saved to: reports/diagnose_option5.txt

######################################################################
#  Interpretation:
#    POST ROI > PRE by >1pp             -> clear alpha gain
#    |POST - PRE| <= 1pp, Brier better  -> neutral ROI, cleaner risk
#    POST ROI < PRE by >2pp             -> staking is over-conservative,
#                                          consider loosening caps
######################################################################
